// Jest Snapshot v1, https://goo.gl/fbAQLP

exports[`Should render App component should snapshot Navbar 1`] = `
<div
  className="App"
>
  <Navbar />
  <WithStyles(ForwardRef(Grid))
    container={true}
  />
</div>
`;
